error[E0277]: the trait bound `False: DiscriminantInRange` is not satisfied
 --> tests/09-variant-out-of-range.rs:8:10
  |
8 | #[derive(BitfieldSpecifier)]
  |          ^^^^^^^^^^^^^^^^^ the trait `DiscriminantInRange` is not implemented for `False`
  |
  = help: the trait `DiscriminantInRange` is implemented for `True`
note: required by a bound in `check_in_range`
 --> src/lib.rs
  |
  |     pub fn check_in_range<T: BoolCheck>()
  |            -------------- required by a bound in this function
  |     where
  |         T::Ty: DiscriminantInRange
  |                ^^^^^^^^^^^^^^^^^^^ required by this bound in `check_in_range`
  = note: this error originates in the derive macro `BitfieldSpecifier` (in Nightly builds, run with -Z macro-backtrace for more info)
